Archive member included to satisfy reference by file (symbol)

c:/ac6/systemworkbench/plugins/fr.ac6.mcu.externaltools.arm-none.win32_1.15.0.201708311556/tools/compiler/bin/../lib/gcc/arm-none-eabi/6.3.1/../../../../arm-none-eabi/lib/thumb/v7e-m/fpv4-sp/hard\libm.a(lib_a-wf_pow.o)
                              Application/User/lighting.o (powf)
c:/ac6/systemworkbench/plugins/fr.ac6.mcu.externaltools.arm-none.win32_1.15.0.201708311556/tools/compiler/bin/../lib/gcc/arm-none-eabi/6.3.1/../../../../arm-none-eabi/lib/thumb/v7e-m/fpv4-sp/hard\libm.a(lib_a-ef_pow.o)
                              c:/ac6/systemworkbench/plugins/fr.ac6.mcu.externaltools.arm-none.win32_1.15.0.201708311556/tools/compiler/bin/../lib/gcc/arm-none-eabi/6.3.1/../../../../arm-none-eabi/lib/thumb/v7e-m/fpv4-sp/hard\libm.a(lib_a-wf_pow.o) (__ieee754_powf)
c:/ac6/systemworkbench/plugins/fr.ac6.mcu.externaltools.arm-none.win32_1.15.0.201708311556/tools/compiler/bin/../lib/gcc/arm-none-eabi/6.3.1/../../../../arm-none-eabi/lib/thumb/v7e-m/fpv4-sp/hard\libm.a(lib_a-ef_sqrt.o)
                              c:/ac6/systemworkbench/plugins/fr.ac6.mcu.externaltools.arm-none.win32_1.15.0.201708311556/tools/compiler/bin/../lib/gcc/arm-none-eabi/6.3.1/../../../../arm-none-eabi/lib/thumb/v7e-m/fpv4-sp/hard\libm.a(lib_a-ef_pow.o) (__ieee754_sqrtf)
c:/ac6/systemworkbench/plugins/fr.ac6.mcu.externaltools.arm-none.win32_1.15.0.201708311556/tools/compiler/bin/../lib/gcc/arm-none-eabi/6.3.1/../../../../arm-none-eabi/lib/thumb/v7e-m/fpv4-sp/hard\libm.a(lib_a-s_lib_ver.o)
                              c:/ac6/systemworkbench/plugins/fr.ac6.mcu.externaltools.arm-none.win32_1.15.0.201708311556/tools/compiler/bin/../lib/gcc/arm-none-eabi/6.3.1/../../../../arm-none-eabi/lib/thumb/v7e-m/fpv4-sp/hard\libm.a(lib_a-wf_pow.o) (__fdlib_version)
c:/ac6/systemworkbench/plugins/fr.ac6.mcu.externaltools.arm-none.win32_1.15.0.201708311556/tools/compiler/bin/../lib/gcc/arm-none-eabi/6.3.1/../../../../arm-none-eabi/lib/thumb/v7e-m/fpv4-sp/hard\libm.a(lib_a-s_matherr.o)
                              c:/ac6/systemworkbench/plugins/fr.ac6.mcu.externaltools.arm-none.win32_1.15.0.201708311556/tools/compiler/bin/../lib/gcc/arm-none-eabi/6.3.1/../../../../arm-none-eabi/lib/thumb/v7e-m/fpv4-sp/hard\libm.a(lib_a-wf_pow.o) (matherr)
c:/ac6/systemworkbench/plugins/fr.ac6.mcu.externaltools.arm-none.win32_1.15.0.201708311556/tools/compiler/bin/../lib/gcc/arm-none-eabi/6.3.1/../../../../arm-none-eabi/lib/thumb/v7e-m/fpv4-sp/hard\libm.a(lib_a-s_rint.o)
                              c:/ac6/systemworkbench/plugins/fr.ac6.mcu.externaltools.arm-none.win32_1.15.0.201708311556/tools/compiler/bin/../lib/gcc/arm-none-eabi/6.3.1/../../../../arm-none-eabi/lib/thumb/v7e-m/fpv4-sp/hard\libm.a(lib_a-wf_pow.o) (rint)
c:/ac6/systemworkbench/plugins/fr.ac6.mcu.externaltools.arm-none.win32_1.15.0.201708311556/tools/compiler/bin/../lib/gcc/arm-none-eabi/6.3.1/../../../../arm-none-eabi/lib/thumb/v7e-m/fpv4-sp/hard\libm.a(lib_a-sf_fabs.o)
                              c:/ac6/systemworkbench/plugins/fr.ac6.mcu.externaltools.arm-none.win32_1.15.0.201708311556/tools/compiler/bin/../lib/gcc/arm-none-eabi/6.3.1/../../../../arm-none-eabi/lib/thumb/v7e-m/fpv4-sp/hard\libm.a(lib_a-ef_pow.o) (fabsf)
c:/ac6/systemworkbench/plugins/fr.ac6.mcu.externaltools.arm-none.win32_1.15.0.201708311556/tools/compiler/bin/../lib/gcc/arm-none-eabi/6.3.1/../../../../arm-none-eabi/lib/thumb/v7e-m/fpv4-sp/hard\libm.a(lib_a-sf_finite.o)
                              c:/ac6/systemworkbench/plugins/fr.ac6.mcu.externaltools.arm-none.win32_1.15.0.201708311556/tools/compiler/bin/../lib/gcc/arm-none-eabi/6.3.1/../../../../arm-none-eabi/lib/thumb/v7e-m/fpv4-sp/hard\libm.a(lib_a-wf_pow.o) (finitef)
c:/ac6/systemworkbench/plugins/fr.ac6.mcu.externaltools.arm-none.win32_1.15.0.201708311556/tools/compiler/bin/../lib/gcc/arm-none-eabi/6.3.1/../../../../arm-none-eabi/lib/thumb/v7e-m/fpv4-sp/hard\libm.a(lib_a-sf_nan.o)
                              c:/ac6/systemworkbench/plugins/fr.ac6.mcu.externaltools.arm-none.win32_1.15.0.201708311556/tools/compiler/bin/../lib/gcc/arm-none-eabi/6.3.1/../../../../arm-none-eabi/lib/thumb/v7e-m/fpv4-sp/hard\libm.a(lib_a-ef_pow.o) (nanf)
c:/ac6/systemworkbench/plugins/fr.ac6.mcu.externaltools.arm-none.win32_1.15.0.201708311556/tools/compiler/bin/../lib/gcc/arm-none-eabi/6.3.1/../../../../arm-none-eabi/lib/thumb/v7e-m/fpv4-sp/hard\libm.a(lib_a-sf_scalbn.o)
                              c:/ac6/systemworkbench/plugins/fr.ac6.mcu.externaltools.arm-none.win32_1.15.0.201708311556/tools/compiler/bin/../lib/gcc/arm-none-eabi/6.3.1/../../../../arm-none-eabi/lib/thumb/v7e-m/fpv4-sp/hard\libm.a(lib_a-ef_pow.o) (scalbnf)
c:/ac6/systemworkbench/plugins/fr.ac6.mcu.externaltools.arm-none.win32_1.15.0.201708311556/tools/compiler/bin/../lib/gcc/arm-none-eabi/6.3.1/../../../../arm-none-eabi/lib/thumb/v7e-m/fpv4-sp/hard\libm.a(lib_a-sf_copysign.o)
[...]
Memory Configuration

Name             Origin             Length             Attributes
RAM              0x20000000         0x00020000         xrw
CCMRAM           0x10000000         0x00010000         rw
FLASH            0x08000000         0x00100000         xr
*default*        0x00000000         0xffffffff

Linker script and memory map

LOAD c:/ac6/systemworkbench/plugins/fr.ac6.mcu.externaltools.arm-none.win32_1.15.0.201708311556/tools/compiler/bin/../lib/gcc/arm-none-eabi/6.3.1/thumb/v7e-m/fpv4-sp/hard/crti.o
LOAD c:/ac6/systemworkbench/plugins/fr.ac6.mcu.externaltools.arm-none.win32_1.15.0.201708311556/tools/compiler/bin/../lib/gcc/arm-none-eabi/6.3.1/thumb/v7e-m/fpv4-sp/hard/crtbegin.o
LOAD c:/ac6/systemworkbench/plugins/fr.ac6.mcu.externaltools.arm-none.win32_1.15.0.201708311556/tools/compiler/bin/../lib/gcc/arm-none-eabi/6.3.1/../../../../arm-none-eabi/lib/thumb/v7e-m/fpv4-sp/hard/crt0.o
LOAD Application/SW4STM32/startup_stm32f407xx.o
LOAD Application/User/gpio.o
LOAD Application/User/lighting.o
LOAD Application/User/main.o
LOAD Application/User/spi.o
LOAD Application/User/stm32f4xx_hal_msp.o
LOAD Application/User/stm32f4xx_it.o
LOAD Application/User/test.o
LOAD Application/User/ws2812b.o
LOAD Drivers/CMSIS/system_stm32f4xx.o
LOAD Drivers/STM32F4xx_HAL_Driver/stm32f4xx_hal.o
LOAD Drivers/STM32F4xx_HAL_Driver/stm32f4xx_hal_cortex.o
LOAD Drivers/STM32F4xx_HAL_Driver/stm32f4xx_hal_dma.o
LOAD Drivers/STM32F4xx_HAL_Driver/stm32f4xx_hal_dma_ex.o
LOAD Drivers/STM32F4xx_HAL_Driver/stm32f4xx_hal_flash.o
LOAD Drivers/STM32F4xx_HAL_Driver/stm32f4xx_hal_flash_ex.o
LOAD Drivers/STM32F4xx_HAL_Driver/stm32f4xx_hal_flash_ramfunc.o
LOAD Drivers/STM32F4xx_HAL_Driver/stm32f4xx_hal_gpio.o
LOAD Drivers/STM32F4xx_HAL_Driver/stm32f4xx_hal_pwr.o
LOAD Drivers/STM32F4xx_HAL_Driver/stm32f4xx_hal_pwr_ex.o
LOAD Drivers/STM32F4xx_HAL_Driver/stm32f4xx_hal_rcc.o
LOAD Drivers/STM32F4xx_HAL_Driver/stm32f4xx_hal_rcc_ex.o
LOAD Drivers/STM32F4xx_HAL_Driver/stm32f4xx_hal_spi.o
LOAD Drivers/STM32F4xx_HAL_Driver/stm32f4xx_hal_tim.o
LOAD Drivers/STM32F4xx_HAL_Driver/stm32f4xx_hal_tim_ex.o
LOAD Drivers/STM32F4xx_HAL_Driver/stm32f4xx_hal_uart.o
LOAD c:/ac6/systemworkbench/plugins/fr.ac6.mcu.externaltools.arm-none.win32_1.15.0.201708311556/tools/compiler/bin/../lib/gcc/arm-none-eabi/6.3.1/../../../../arm-none-eabi/lib/thumb/v7e-m/fpv4-sp/hard\libm.a
START GROUP
LOAD c:/ac6/systemworkbench/plugins/fr.ac6.mcu.externaltools.arm-none.win32_1.15.0.201708311556/tools/compiler/bin/../lib/gcc/arm-none-eabi/6.3.1/thumb/v7e-m/fpv4-sp/hard\libgcc.a
LOAD c:/ac6/systemworkbench/plugins/fr.ac6.mcu.externaltools.arm-none.win32_1.15.0.201708311556/tools/compiler/bin/../lib/gcc/arm-none-eabi/6.3.1/../../../../arm-none-eabi/lib/thumb/v7e-m/fpv4-sp/hard\libc_nano.a
END GROUP
START GROUP
LOAD c:/ac6/systemworkbench/plugins/fr.ac6.mcu.externaltools.arm-none.win32_1.15.0.201708311556/tools/compiler/bin/../lib/gcc/arm-none-eabi/6.3.1/thumb/v7e-m/fpv4-sp/hard\libgcc.a
LOAD c:/ac6/systemworkbench/plugins/fr.ac6.mcu.externaltools.arm-none.win32_1.15.0.201708311556/tools/compiler/bin/../lib/gcc/arm-none-eabi/6.3.1/../../../../arm-none-eabi/lib/thumb/v7e-m/fpv4-sp/hard\libc_nano.a
LOAD c:/ac6/systemworkbench/plugins/fr.ac6.mcu.externaltools.arm-none.win32_1.15.0.201708311556/tools/compiler/bin/../lib/gcc/arm-none-eabi/6.3.1/../../../../arm-none-eabi/lib/thumb/v7e-m/fpv4-sp/hard\libnosys.a
END GROUP
START GROUP
LOAD c:/ac6/systemworkbench/plugins/fr.ac6.mcu.externaltools.arm-none.win32_1.15.0.201708311556/tools/compiler/bin/../lib/gcc/arm-none-eabi/6.3.1/thumb/v7e-m/fpv4-sp/hard\libgcc.a
LOAD c:/ac6/systemworkbench/plugins/fr.ac6.mcu.externaltools.arm-none.win32_1.15.0.201708311556/tools/compiler/bin/../lib/gcc/arm-none-eabi/6.3.1/../../../../arm-none-eabi/lib/thumb/v7e-m/fpv4-sp/hard\libc_nano.a
LOAD c:/ac6/systemworkbench/plugins/fr.ac6.mcu.externaltools.arm-none.win32_1.15.0.201708311556/tools/compiler/bin/../lib/gcc/arm-none-eabi/6.3.1/../../../../arm-none-eabi/lib/thumb/v7e-m/fpv4-sp/hard\libnosys.a
END GROUP
LOAD c:/ac6/systemworkbench/plugins/fr.ac6.mcu.externaltools.arm-none.win32_1.15.0.201708311556/tools/compiler/bin/../lib/gcc/arm-none-eabi/6.3.1/thumb/v7e-m/fpv4-sp/hard/crtend.o
LOAD c:/ac6/systemworkbench/plugins/fr.ac6.mcu.externaltools.arm-none.win32_1.15.0.201708311556/tools/compiler/bin/../lib/gcc/arm-none-eabi/6.3.1/thumb/v7e-m/fpv4-sp/hard/crtn.o
                0x20020000                _estack = 0x20020000
                0x00000200                _Min_Heap_Size = 0x200
                0x00000400                _Min_Stack_Size = 0x400

.isr_vector     0x08000000      0x188
                0x08000000                . = ALIGN (0x4)
 *(.isr_vector)
 .isr_vector    0x08000000      0x188 Application/SW4STM32/startup_stm32f407xx.o
                0x08000000                g_pfnVectors
                0x08000188                . = ALIGN (0x4)

.text           0x08000188     0xb038
                0x08000188                . = ALIGN (0x4)
 *(.text)
 .text          0x08000188       0x6c c:/ac6/systemworkbench/plugins/fr.ac6.mcu.externaltools.arm-none.win32_1.15.0.201708311556/tools/compiler/bin/../lib/gcc/arm-none-eabi/6.3.1/thumb/v7e-m/fpv4-sp/hard/crtbegin.o
 .text          0x080001f4      0x370 c:/ac6/systemworkbench/plugins/fr.ac6.mcu.externaltools.arm-none.win32_1.15.0.201708311556/tools/compiler/bin/../lib/gcc/arm-none-eabi/6.3.1/thumb/v7e-m/fpv4-sp/hard\libgcc.a(_arm_addsubdf3.o)
                0x080001f4                __aeabi_drsub
                0x080001fc                __aeabi_dsub
                0x080001fc                __subdf3
                0x08000200                __aeabi_dadd
                0x08000200                __adddf3
                0x08000478                __floatunsidf
                0x08000478                __aeabi_ui2d
                0x08000498                __floatsidf
                0x08000498                __aeabi_i2d
                0x080004bc                __aeabi_f2d
                0x080004bc                __extendsfdf2
                0x080004f8                __floatundidf
                0x080004f8                __aeabi_ul2d
                0x08000508                __floatdidf
                0x08000508                __aeabi_l2d
 .text          0x08000564      0x424 c:/ac6/systemworkbench/plugins/fr.ac6.mcu.externaltools.arm-none.win32_1.15.0.201708311556/tools/compiler/bin/../lib/gcc/arm-none-eabi/6.3.1/thumb/v7e-m/fpv4-sp/hard\libgcc.a(_arm_muldivdf3.o)
                0x08000564                __aeabi_dmul
                0x08000564                __muldf3
                0x080007b8                __divdf3
                0x080007b8                __aeabi_ddiv
 .text          0x08000988      0x110 c:/ac6/systemworkbench/plugins/fr.ac6.mcu.externaltools.arm-none.win32_1.15.0.201708311556/tools/compiler/bin/../lib/gcc/arm-none-eabi/6.3.1/thumb/v7e-m/fpv4-sp/hard\libgcc.a(_arm_cmpdf2.o)
                0x08000988                __gtdf2
                0x08000988                __gedf2
                0x08000990                __ltdf2
                0x08000990                __ledf2
                0x08000998                __nedf2
                0x08000998                __eqdf2
                0x08000998                __cmpdf2
                0x08000a14                __aeabi_cdrcmple
                0x08000a24                __aeabi_cdcmpeq
                0x08000a24                __aeabi_cdcmple
                0x08000a34                __aeabi_dcmpeq
                0x08000a48                __aeabi_dcmplt
                0x08000a5c                __aeabi_dcmple
                0x08000a70                __aeabi_dcmpge
                0x08000a84                __aeabi_dcmpgt
 .text          0x08000a98       0x50 c:/ac6/systemworkbench/plugins/fr.ac6.mcu.externaltools.arm-none.win32_1.15.0.201708311556/tools/compiler/bin/../lib/gcc/arm-none-eabi/6.3.1/thumb/v7e-m/fpv4-sp/hard\libgcc.a(_arm_fixdfsi.o)
                0x08000a98                __aeabi_d2iz
                0x08000a98                __fixdfsi
 .text          0x08000ae8       0x40 c:/ac6/systemworkbench/plugins/fr.ac6.mcu.externaltools.arm-none.win32_1.15.0.201708311556/tools/compiler/bin/../lib/gcc/arm-none-eabi/6.3.1/thumb/v7e-m/fpv4-sp/hard\libgcc.a(_arm_fixunsdfsi.o)
                0x08000ae8                __aeabi_d2uiz
                0x08000ae8                __fixunsdfsi
 .text          0x08000b28       0xa0 c:/ac6/systemworkbench/plugins/fr.ac6.mcu.externaltools.arm-none.win32_1.15.0.201708311556/tools/compiler/bin/../lib/gcc/arm-none-eabi/6.3.1/thumb/v7e-m/fpv4-sp/hard\libgcc.a(_arm_truncdfsf2.o)
                0x08000b28                __truncdfsf2
                0x08000b28                __aeabi_d2f
 .text          0x08000bc8       0x30 c:/ac6/systemworkbench/plugins/fr.ac6.mcu.externaltools.arm-none.win32_1.15.0.201708311556/tools/compiler/bin/../lib/gcc/arm-none-eabi/6.3.1/thumb/v7e-m/fpv4-sp/hard\libgcc.a(_aeabi_uldivmod.o)
                0x08000bc8                __aeabi_uldivmod
 .text          0x08000bf8      0x2dc c:/ac6/systemworkbench/plugins/fr.ac6.mcu.externaltools.arm-none.win32_1.15.0.201708311556/tools/compiler/bin/../lib/gcc/arm-none-eabi/6.3.1/thumb/v7e-m/fpv4-sp/hard\libgcc.a(_udivmoddi4.o)
                0x08000bf8                __udivmoddi4
 .text          0x08000ed4        0x4 c:/ac6/systemworkbench/plugins/fr.ac6.mcu.externaltools.arm-none.win32_1.15.0.201708311556/tools/compiler/bin/../lib/gcc/arm-none-eabi/6.3.1/thumb/v7e-m/fpv4-sp/hard\libgcc.a(_dvmd_tls.o)
                0x08000ed4                __aeabi_idiv0
                0x08000ed4                __aeabi_ldiv0
 *(.text*)
 .text.Reset_Handler
                0x08000ed8       0x50 Application/SW4STM32/startup_stm32f407xx.o
                0x08000ed8                Reset_Handler
 .text.Default_Handler
                0x08000f28        0x2 Application/SW4STM32/startup_stm32f407xx.o
                0x08000f28                RTC_Alarm_IRQHandler
                0x08000f28                HASH_RNG_IRQHandler
                0x08000f28                EXTI2_IRQHandler
                0x08000f28                TIM8_CC_IRQHandler
                0x08000f28                TIM1_CC_IRQHandler
                0x08000f28                DMA2_Stream5_IRQHandler
                0x08000f28                DMA1_Stream5_IRQHandler
                0x08000f28                PVD_IRQHandler
                0x08000f28                SDIO_IRQHandler
                0x08000f28                TAMP_STAMP_IRQHandler
                0x08000f28                PendSV_Handler
                0x08000f28                CAN2_RX1_IRQHandler
                0x08000f28                EXTI3_IRQHandler
                0x08000f28                TIM8_TRG_COM_TIM14_IRQHandler
                0x08000f28                TIM1_UP_TIM10_IRQHandler
                0x08000f28                TIM8_UP_TIM13_IRQHandler
                0x08000f28                I2C3_ER_IRQHandler
                0x08000f28                EXTI0_IRQHandler
                0x08000f28                I2C2_EV_IRQHandler
                0x08000f28                DMA1_Stream2_IRQHandler
                0x08000f28                CAN1_RX0_IRQHandler
                0x08000f28                FPU_IRQHandler
                0x08000f28                OTG_HS_WKUP_IRQHandler
                0x08000f28                CAN2_SCE_IRQHandler
                0x08000f28                DMA2_Stream2_IRQHandler
                0x08000f28                SPI1_IRQHandler
                0x08000f28                TIM6_DAC_IRQHandler
                0x08000f28                TIM1_BRK_TIM9_IRQHandler
                0x08000f28                DCMI_IRQHandler
                0x08000f28                CAN2_RX0_IRQHandler
                0x08000f28                DMA2_Stream3_IRQHandler
                0x08000f28                USART6_IRQHandler
                0x08000f28                USART3_IRQHandler
                0x08000f28                CAN1_RX1_IRQHandler
                0x08000f28                UART5_IRQHandler
                0x08000f28                DMA2_Stream0_IRQHandler
                0x08000f28                TIM4_IRQHandler
                0x08000f28                I2C1_EV_IRQHandler
                0x08000f28                DMA1_Stream6_IRQHandler
                0x08000f28                DMA1_Stream1_IRQHandler
                0x08000f28                UART4_IRQHandler
                0x08000f28                TIM3_IRQHandler
                0x08000f28                RCC_IRQHandler
                0x08000f28                TIM8_BRK_TIM12_IRQHandler
                0x08000f28                Default_Handler
                0x08000f28                EXTI15_10_IRQHandler
                0x08000f28                ADC_IRQHandler
                0x08000f28                DMA1_Stream7_IRQHandler
                0x08000f28                TIM7_IRQHandler
                0x08000f28                CAN2_TX_IRQHandler
                0x08000f28                TIM5_IRQHandler
                0x08000f28                DMA2_Stream7_IRQHandler
                0x08000f28                I2C3_EV_IRQHandler
                0x08000f28                EXTI9_5_IRQHandler
                0x08000f28                RTC_WKUP_IRQHandler
                0x08000f28                ETH_WKUP_IRQHandler
                0x08000f28                SPI2_IRQHandler
                0x08000f28                OTG_HS_EP1_IN_IRQHandler
                0x08000f28                DMA1_Stream0_IRQHandler
                0x08000f28                CAN1_TX_IRQHandler
                0x08000f28                SVC_Handler
                0x08000f28                EXTI4_IRQHandler
                0x08000f28                FSMC_IRQHandler
                0x08000f28                ETH_IRQHandler
                0x08000f28                OTG_HS_EP1_OUT_IRQHandler
                0x08000f28                WWDG_IRQHandler
                0x08000f28                TIM2_IRQHandler
                0x08000f28                OTG_FS_WKUP_IRQHandler
                0x08000f28                TIM1_TRG_COM_TIM11_IRQHandler
                0x08000f28                OTG_HS_IRQHandler
                0x08000f28                EXTI1_IRQHandler
                0x08000f28                USART2_IRQHandler
                0x08000f28                I2C2_ER_IRQHandler
                0x08000f28                DMA2_Stream1_IRQHandler
                0x08000f28                CAN1_SCE_IRQHandler
                0x08000f28                FLASH_IRQHandler
                0x08000f28                DMA2_Stream4_IRQHandler
                0x08000f28                USART1_IRQHandler
                0x08000f28                OTG_FS_IRQHandler
                0x08000f28                SPI3_IRQHandler
                0x08000f28                DMA1_Stream4_IRQHandler
                0x08000f28                I2C1_ER_IRQHandler
                0x08000f28                DMA2_Stream6_IRQHandler
                0x08000f28                DMA1_Stream3_IRQHandler
 *fill*         0x08000f2a        0x2 
 .text.MX_GPIO_Init
                0x08000f2c       0x4c Application/User/gpio.o
                0x08000f2c                MX_GPIO_Init
 .text.lighting_init
                0x08000f78       0x14 Application/User/lighting.o
                0x08000f78                lighting_init
 .text.lighting_hsv2rgb
                0x08000f8c      0x19c Application/User/lighting.o
                0x08000f8c                lighting_hsv2rgb
 .text.lighting_set_diode_color_rgb
                0x08001128       0x24 Application/User/lighting.o
                0x08001128                lighting_set_diode_color_rgb
 .text.lighting_set_diode_color_hsv
                0x0800114c       0x18 Application/User/lighting.o
                0x0800114c                lighting_set_diode_color_hsv
 .text.lighting_draw_gradient_rgb
                0x08001164       0xfa Application/User/lighting.o
                0x08001164                lighting_draw_gradient_rgb
 .text.lighting_draw_gradient_hsv
                0x0800125e       0xa0 Application/User/lighting.o
                0x0800125e                lighting_draw_gradient_hsv
 *fill*         0x080012fe        0x2 
 .text.lighting_gamma_correction
                0x08001300       0x28 Application/User/lighting.o
                0x08001300                lighting_gamma_correction
 .text.lighting_update_ws2812b
                0x08001328       0xa0 Application/User/lighting.o
                0x08001328                lighting_update_ws2812b
 .text.main     0x080013c8        0x8 Application/User/main.o
                0x080013c8                main
 .text.SystemClock_Config
                0x080013d0       0xa4 Application/User/main.o
                0x080013d0                SystemClock_Config
 .text.MX_SPI1_Init
                0x08001474       0x3c Application/User/spi.o
                0x08001474                MX_SPI1_Init
 .text.HAL_SPI_MspInit
                0x080014b0       0x50 Application/User/spi.o
                0x080014b0                HAL_SPI_MspInit
 .text.HAL_MspInit
                0x08001500       0x46 Application/User/stm32f4xx_hal_msp.o
                0x08001500                HAL_MspInit
 .text.NMI_Handler
                0x08001546        0x2 Application/User/stm32f4xx_it.o
                0x08001546                NMI_Handler
 .text.HardFault_Handler
                0x08001548        0x2 Application/User/stm32f4xx_it.o
                0x08001548                HardFault_Handler
 .text.MemManage_Handler
                0x0800154a        0x2 Application/User/stm32f4xx_it.o
                0x0800154a                MemManage_Handler
 .text.BusFault_Handler
                0x0800154c        0x2 Application/User/stm32f4xx_it.o
                0x0800154c                BusFault_Handler
 .text.UsageFault_Handler
                0x0800154e        0x2 Application/User/stm32f4xx_it.o
                0x0800154e                UsageFault_Handler
 .text.DebugMon_Handler
                0x08001550        0x2 Application/User/stm32f4xx_it.o
                0x08001550                DebugMon_Handler
 .text.SysTick_Handler
                0x08001552        0xc Application/User/stm32f4xx_it.o
                0x08001552                SysTick_Handler
 *fill*         0x0800155e        0x2 
 .text.zgas.8934
                0x08001560       0x68 Application/User/test.o
 .text.wariacja
                0x080015c8     0x8148 Application/User/test.o
                0x080015c8                wariacja
 .text.ws2812b_init
                0x08009710       0x16 Application/User/ws2812b.o
                0x08009710                ws2812b_init
 .text.ws2812b_refresh
                0x08009726       0xc8 Application/User/ws2812b.o
                0x08009726                ws2812b_refresh
 *fill*         0x080097ee        0x2 
 .text.SystemInit
                0x080097f0       0x4c Drivers/CMSIS/system_stm32f4xx.o
                0x080097f0                SystemInit
 .text.HAL_InitTick
                0x0800983c       0x48 Drivers/STM32F4xx_HAL_Driver/stm32f4xx_hal.o
                0x0800983c                HAL_InitTick
 .text.HAL_Init
                0x08009884       0x34 Drivers/STM32F4xx_HAL_Driver/stm32f4xx_hal.o
                0x08009884                HAL_Init
 .text.HAL_IncTick
                0x080098b8       0x18 Drivers/STM32F4xx_HAL_Driver/stm32f4xx_hal.o
                0x080098b8                HAL_IncTick
 .text.HAL_GetTick
                0x080098d0        0xc Drivers/STM32F4xx_HAL_Driver/stm32f4xx_hal.o
                0x080098d0                HAL_GetTick
 .text.HAL_Delay
                0x080098dc       0x28 Drivers/STM32F4xx_HAL_Driver/stm32f4xx_hal.o
                0x080098dc                HAL_Delay
 .text.HAL_NVIC_SetPriorityGrouping
                0x08009904       0x24 Drivers/STM32F4xx_HAL_Driver/stm32f4xx_hal_cortex.o
                0x08009904                HAL_NVIC_SetPriorityGrouping
 .text.HAL_NVIC_SetPriority
                0x08009928       0x64 Drivers/STM32F4xx_HAL_Driver/stm32f4xx_hal_cortex.o
                0x08009928                HAL_NVIC_SetPriority
 .text.HAL_SYSTICK_Config
                0x0800998c       0x2c Drivers/STM32F4xx_HAL_Driver/stm32f4xx_hal_cortex.o
                0x0800998c                HAL_SYSTICK_Config
 .text.HAL_SYSTICK_CLKSourceConfig
                0x080099b8       0x20 Drivers/STM32F4xx_HAL_Driver/stm32f4xx_hal_cortex.o
                0x080099b8                HAL_SYSTICK_CLKSourceConfig
 .text.HAL_SYSTICK_Callback
                0x080099d8        0x2 Drivers/STM32F4xx_HAL_Driver/stm32f4xx_hal_cortex.o
                0x080099d8                HAL_SYSTICK_Callback
 .text.HAL_SYSTICK_IRQHandler
                0x080099da        0x8 Drivers/STM32F4xx_HAL_Driver/stm32f4xx_hal_cortex.o
                0x080099da                HAL_SYSTICK_IRQHandler
 *fill*         0x080099e2        0x2 
 .text.HAL_GPIO_Init
                0x080099e4      0x1cc Drivers/STM32F4xx_HAL_Driver/stm32f4xx_hal_gpio.o
                0x080099e4                HAL_GPIO_Init
 .text.HAL_RCC_OscConfig
                0x08009bb0      0x398 Drivers/STM32F4xx_HAL_Driver/stm32f4xx_hal_rcc.o
                0x08009bb0                HAL_RCC_OscConfig
 .text.HAL_RCC_GetSysClockFreq
                0x08009f48       0xa4 Drivers/STM32F4xx_HAL_Driver/stm32f4xx_hal_rcc.o
                0x08009f48                HAL_RCC_GetSysClockFreq
 .text.HAL_RCC_ClockConfig
                0x08009fec      0x158 Drivers/STM32F4xx_HAL_Driver/stm32f4xx_hal_rcc.o
                0x08009fec                HAL_RCC_ClockConfig
 .text.HAL_RCC_GetHCLKFreq
                0x0800a144        0xc Drivers/STM32F4xx_HAL_Driver/stm32f4xx_hal_rcc.o
                0x0800a144                HAL_RCC_GetHCLKFreq
 .text.SPI_WaitFlagStateUntilTimeout
                0x0800a150       0x96 Drivers/STM32F4xx_HAL_Driver/stm32f4xx_hal_spi.o
 .text.SPI_CheckFlag_BSY
                0x0800a1e6       0x26 Drivers/STM32F4xx_HAL_Driver/stm32f4xx_hal_spi.o
 .text.HAL_SPI_Init
                0x0800a20c       0x80 Drivers/STM32F4xx_HAL_Driver/stm32f4xx_hal_spi.o
                0x0800a20c                HAL_SPI_Init
 .text.HAL_SPI_Transmit
                0x0800a28c      0x1ac Drivers/STM32F4xx_HAL_Driver/stm32f4xx_hal_spi.o
                0x0800a28c                HAL_SPI_Transmit
 .text.powf     0x0800a438      0x328 c:/ac6/systemworkbench/plugins/fr.ac6.mcu.externaltools.arm-none.win32_1.15.0.201708311556/tools/compiler/bin/../lib/gcc/arm-none-eabi/6.3.1/../../../../arm-none-eabi/lib/thumb/v7e-m/fpv4-sp/hard\libm.a(lib_a-wf_pow.o)
                0x0800a438                powf
 .text.__ieee754_powf
                0x0800a760      0x5f0 c:/ac6/systemworkbench/plugins/fr.ac6.mcu.externaltools.arm-none.win32_1.15.0.201708311556/tools/compiler/bin/../lib/gcc/arm-none-eabi/6.3.1/../../../../arm-none-eabi/lib/thumb/v7e-m/fpv4-sp/hard\libm.a(lib_a-ef_pow.o)
                0x0800a760                __ieee754_powf
 .text.__ieee754_sqrtf
                0x0800ad50        0x8 c:/ac6/systemworkbench/plugins/fr.ac6.mcu.externaltools.arm-none.win32_1.15.0.201708311556/tools/compiler/bin/../lib/gcc/arm-none-eabi/6.3.1/../../../../arm-none-eabi/lib/thumb/v7e-m/fpv4-sp/hard\libm.a(lib_a-ef_sqrt.o)
                0x0800ad50                __ieee754_sqrtf
 .text.matherr  0x0800ad58        0x4 c:/ac6/systemworkbench/plugins/fr.ac6.mcu.externaltools.arm-none.win32_1.15.0.201708311556/tools/compiler/bin/../lib/gcc/arm-none-eabi/6.3.1/../../../../arm-none-eabi/lib/thumb/v7e-m/fpv4-sp/hard\libm.a(lib_a-s_matherr.o)
                0x0800ad58                matherr
 .text.rint     0x0800ad5c      0x124 c:/ac6/systemworkbench/plugins/fr.ac6.mcu.externaltools.arm-none.win32_1.15.0.201708311556/tools/compiler/bin/../lib/gcc/arm-none-eabi/6.3.1/../../../../arm-none-eabi/lib/thumb/v7e-m/fpv4-sp/hard\libm.a(lib_a-s_rint.o)
                0x0800ad5c                rint
 .text.fabsf    0x0800ae80       0x10 c:/ac6/systemworkbench/plugins/fr.ac6.mcu.externaltools.arm-none.win32_1.15.0.201708311556/tools/compiler/bin/../lib/gcc/arm-none-eabi/6.3.1/../../../../arm-none-eabi/lib/thumb/v7e-m/fpv4-sp/hard\libm.a(lib_a-sf_fabs.o)
                0x0800ae80                fabsf
 .text.finitef  0x0800ae90       0x14 c:/ac6/systemworkbench/plugins/fr.ac6.mcu.externaltools.arm-none.win32_1.15.0.201708311556/tools/compiler/bin/../lib/gcc/arm-none-eabi/6.3.1/../../../../arm-none-eabi/lib/thumb/v7e-m/fpv4-sp/hard\libm.a(lib_a-sf_finite.o)
                0x0800ae90                finitef
 .text.nanf     0x0800aea4        0xc c:/ac6/systemworkbench/plugins/fr.ac6.mcu.externaltools.arm-none.win32_1.15.0.201708311556/tools/compiler/bin/../lib/gcc/arm-none-eabi/6.3.1/../../../../arm-none-eabi/lib/thumb/v7e-m/fpv4-sp/hard\libm.a(lib_a-sf_nan.o)
                0x0800aea4                nanf
 .text.scalbnf  0x0800aeb0       0xd0 c:/ac6/systemworkbench/plugins/fr.ac6.mcu.externaltools.arm-none.win32_1.15.0.201708311556/tools/compiler/bin/../lib/gcc/arm-none-eabi/6.3.1/../../../../arm-none-eabi/lib/thumb/v7e-m/fpv4-sp/hard\libm.a(lib_a-sf_scalbn.o)
                0x0800aeb0                scalbnf
 .text.copysignf
                0x0800af80       0x18 c:/ac6/systemworkbench/plugins/fr.ac6.mcu.externaltools.arm-none.win32_1.15.0.201708311556/tools/compiler/bin/../lib/gcc/arm-none-eabi/6.3.1/../../../../arm-none-eabi/lib/thumb/v7e-m/fpv4-sp/hard\libm.a(lib_a-sf_copysign.o)
                0x0800af80                copysignf
 .text.calloc   0x0800af98       0x10 c:/ac6/systemworkbench/plugins/fr.ac6.mcu.externaltools.arm-none.win32_1.15.0.201708311556/tools/compiler/bin/../lib/gcc/arm-none-eabi/6.3.1/../../../../arm-none-eabi/lib/thumb/v7e-m/fpv4-sp/hard\libc_nano.a(lib_a-calloc.o)
                0x0800af98                calloc
 .text.__errno  0x0800afa8        0xc c:/ac6/systemworkbench/plugins/fr.ac6.mcu.externaltools.arm-none.win32_1.15.0.201708311556/tools/compiler/bin/../lib/gcc/arm-none-eabi/6.3.1/../../../../arm-none-eabi/lib/thumb/v7e-m/fpv4-sp/hard\libc_nano.a(lib_a-errno.o)
                0x0800afa8                __errno
 .text.__libc_init_array
                0x0800afb4       0x48 c:/ac6/systemworkbench/plugins/fr.ac6.mcu.externaltools.arm-none.win32_1.15.0.201708311556/tools/compiler/bin/../lib/gcc/arm-none-eabi/6.3.1/../../../../arm-none-eabi/lib/thumb/v7e-m/fpv4-sp/hard\libc_nano.a(lib_a-init.o)
                0x0800afb4                __libc_init_array
 .text.memset   0x0800affc       0x10 c:/ac6/systemworkbench/plugins/fr.ac6.mcu.externaltools.arm-none.win32_1.15.0.201708311556/tools/compiler/bin/../lib/gcc/arm-none-eabi/6.3.1/../../../../arm-none-eabi/lib/thumb/v7e-m/fpv4-sp/hard\libc_nano.a(lib_a-memset.o)
                0x0800affc                memset
 .text._calloc_r
                0x0800b00c       0x1c c:/ac6/systemworkbench/plugins/fr.ac6.mcu.externaltools.arm-none.win32_1.15.0.201708311556/tools/compiler/bin/../lib/gcc/arm-none-eabi/6.3.1/../../../../arm-none-eabi/lib/thumb/v7e-m/fpv4-sp/hard\libc_nano.a(lib_a-nano-callocr.o)
                0x0800b00c                _calloc_r
 .text._malloc_r
                0x0800b028       0xbc c:/ac6/systemworkbench/plugins/fr.ac6.mcu.externaltools.arm-none.win32_1.15.0.201708311556/tools/compiler/bin/../lib/gcc/arm-none-eabi/6.3.1/../../../../arm-none-eabi/lib/thumb/v7e-m/fpv4-sp/hard\libc_nano.a(lib_a-nano-mallocr.o)
                0x0800b028                _malloc_r
 .text.rand     0x0800b0e4       0x74 c:/ac6/systemworkbench/plugins/fr.ac6.mcu.externaltools.arm-none.win32_1.15.0.201708311556/tools/compiler/bin/../lib/gcc/arm-none-eabi/6.3.1/../../../../arm-none-eabi/lib/thumb/v7e-m/fpv4-sp/hard\libc_nano.a(lib_a-rand.o)
                0x0800b0e4                rand
 .text._sbrk_r  0x0800b158       0x20 c:/ac6/systemworkbench/plugins/fr.ac6.mcu.externaltools.arm-none.win32_1.15.0.201708311556/tools/compiler/bin/../lib/gcc/arm-none-eabi/6.3.1/../../../../arm-none-eabi/lib/thumb/v7e-m/fpv4-sp/hard\libc_nano.a(lib_a-sbrkr.o)
                0x0800b158                _sbrk_r
 .text.malloc   0x0800b178       0x10 c:/ac6/systemworkbench/plugins/fr.ac6.mcu.externaltools.arm-none.win32_1.15.0.201708311556/tools/compiler/bin/../lib/gcc/arm-none-eabi/6.3.1/../../../../arm-none-eabi/lib/thumb/v7e-m/fpv4-sp/hard\libc_nano.a(lib_a-malloc.o)
                0x0800b178                malloc
 .text.__malloc_lock
                0x0800b188        0x2 c:/ac6/systemworkbench/plugins/fr.ac6.mcu.externaltools.arm-none.win32_1.15.0.201708311556/tools/compiler/bin/../lib/gcc/arm-none-eabi/6.3.1/../../../../arm-none-eabi/lib/thumb/v7e-m/fpv4-sp/hard\libc_nano.a(lib_a-mlock.o)
                0x0800b188                __malloc_lock
 .text.__malloc_unlock
                0x0800b18a        0x2 c:/ac6/systemworkbench/plugins/fr.ac6.mcu.externaltools.arm-none.win32_1.15.0.201708311556/tools/compiler/bin/../lib/gcc/arm-none-eabi/6.3.1/../../../../arm-none-eabi/lib/thumb/v7e-m/fpv4-sp/hard\libc_nano.a(lib_a-mlock.o)
                0x0800b18a                __malloc_unlock
 .text._sbrk    0x0800b18c       0x1c c:/ac6/systemworkbench/plugins/fr.ac6.mcu.externaltools.arm-none.win32_1.15.0.201708311556/tools/compiler/bin/../lib/gcc/arm-none-eabi/6.3.1/../../../../arm-none-eabi/lib/thumb/v7e-m/fpv4-sp/hard\libnosys.a(sbrk.o)
                0x0800b18c                _sbrk
 *(.glue_7)
 .glue_7        0x0800b1a8        0x0 linker stubs
 *(.glue_7t)
 .glue_7t       0x0800b1a8        0x0 linker stubs
 *(.eh_frame)
 .eh_frame      0x0800b1a8        0x0 c:/ac6/systemworkbench/plugins/fr.ac6.mcu.externaltools.arm-none.win32_1.15.0.201708311556/tools/compiler/bin/../lib/gcc/arm-none-eabi/6.3.1/thumb/v7e-m/fpv4-sp/hard/crtbegin.o
 *(.init)
 .init          0x0800b1a8        0x4 c:/ac6/systemworkbench/plugins/fr.ac6.mcu.externaltools.arm-none.win32_1.15.0.201708311556/tools/compiler/bin/../lib/gcc/arm-none-eabi/6.3.1/thumb/v7e-m/fpv4-sp/hard/crti.o
                0x0800b1a8                _init
 .init          0x0800b1ac        0x8 c:/ac6/systemworkbench/plugins/fr.ac6.mcu.externaltools.arm-none.win32_1.15.0.201708311556/tools/compiler/bin/../lib/gcc/arm-none-eabi/6.3.1/thumb/v7e-m/fpv4-sp/hard/crtn.o
 *(.fini)
 .fini          0x0800b1b4        0x4 c:/ac6/systemworkbench/plugins/fr.ac6.mcu.externaltools.arm-none.win32_1.15.0.201708311556/tools/compiler/bin/../lib/gcc/arm-none-eabi/6.3.1/thumb/v7e-m/fpv4-sp/hard/crti.o
                0x0800b1b4                _fini
 .fini          0x0800b1b8        0x8 c:/ac6/systemworkbench/plugins/fr.ac6.mcu.externaltools.arm-none.win32_1.15.0.201708311556/tools/compiler/bin/../lib/gcc/arm-none-eabi/6.3.1/thumb/v7e-m/fpv4-sp/hard/crtn.o
                0x0800b1c0                . = ALIGN (0x4)
                0x0800b1c0                _etext = .

.vfp11_veneer   0x0800b1c0        0x0
 .vfp11_veneer  0x0800b1c0        0x0 linker stubs

.v4_bx          0x0800b1c0        0x0
 .v4_bx         0x0800b1c0        0x0 linker stubs

.iplt           0x0800b1c0        0x0
 .iplt          0x0800b1c0        0x0 c:/ac6/systemworkbench/plugins/fr.ac6.mcu.externaltools.arm-none.win32_1.15.0.201708311556/tools/compiler/bin/../lib/gcc/arm-none-eabi/6.3.1/thumb/v7e-m/fpv4-sp/hard/crtbegin.o

.rodata         0x0800b1c0       0x30
                0x0800b1c0                . = ALIGN (0x4)
 *(.rodata)
 .rodata        0x0800b1c0       0x18 Drivers/CMSIS/system_stm32f4xx.o
                0x0800b1c0                AHBPrescTable
                0x0800b1d0                APBPrescTable
 *(.rodata*)
 .rodata.powf.str1.4
                0x0800b1d8        0x5 c:/ac6/systemworkbench/plugins/fr.ac6.mcu.externaltools.arm-none.win32_1.15.0.201708311556/tools/compiler/bin/../lib/gcc/arm-none-eabi/6.3.1/../../../../arm-none-eabi/lib/thumb/v7e-m/fpv4-sp/hard\libm.a(lib_a-wf_pow.o)
 .rodata.__ieee754_powf.str1.4
                0x0800b1dd        0x8 c:/ac6/systemworkbench/plugins/fr.ac6.mcu.externaltools.arm-none.win32_1.15.0.201708311556/tools/compiler/bin/../lib/gcc/arm-none-eabi/6.3.1/../../../../arm-none-eabi/lib/thumb/v7e-m/fpv4-sp/hard\libm.a(lib_a-ef_pow.o)
                                  0x1 (size before relaxing)
 *fill*         0x0800b1dd        0x3 
 .rodata.TWO52  0x0800b1e0       0x10 c:/ac6/systemworkbench/plugins/fr.ac6.mcu.externaltools.arm-none.win32_1.15.0.201708311556/tools/compiler/bin/../lib/gcc/arm-none-eabi/6.3.1/../../../../arm-none-eabi/lib/thumb/v7e-m/fpv4-sp/hard\libm.a(lib_a-s_rint.o)
                0x0800b1f0                . = ALIGN (0x4)

.ARM.extab
 *(.ARM.extab* .gnu.linkonce.armextab.*)

.ARM            0x0800b1f0        0x8
                0x0800b1f0                __exidx_start = .
 *(.ARM.exidx*)
 .ARM.exidx     0x0800b1f0        0x8 c:/ac6/systemworkbench/plugins/fr.ac6.mcu.externaltools.arm-none.win32_1.15.0.201708311556/tools/compiler/bin/../lib/gcc/arm-none-eabi/6.3.1/thumb/v7e-m/fpv4-sp/hard\libgcc.a(_udivmoddi4.o)
                0x0800b1f8                __exidx_end = .

.rel.dyn        0x0800b1f8        0x0
 .rel.iplt      0x0800b1f8        0x0 c:/ac6/systemworkbench/plugins/fr.ac6.mcu.externaltools.arm-none.win32_1.15.0.201708311556/tools/compiler/bin/../lib/gcc/arm-none-eabi/6.3.1/thumb/v7e-m/fpv4-sp/hard/crtbegin.o

.preinit_array  0x0800b1f8        0x0
                0x0800b1f8                PROVIDE (__preinit_array_start, .)
 *(.preinit_array*)
                0x0800b1f8                PROVIDE (__preinit_array_end, .)

.init_array     0x0800b1f8        0x4
                0x0800b1f8                PROVIDE (__init_array_start, .)
 *(SORT(.init_array.*))
 *(.init_array*)
 .init_array    0x0800b1f8        0x4 c:/ac6/systemworkbench/plugins/fr.ac6.mcu.externaltools.arm-none.win32_1.15.0.201708311556/tools/compiler/bin/../lib/gcc/arm-none-eabi/6.3.1/thumb/v7e-m/fpv4-sp/hard/crtbegin.o
                0x0800b1fc                PROVIDE (__init_array_end, .)

.fini_array     0x0800b1fc        0x4
                [!provide]                PROVIDE (__fini_array_start, .)
 *(SORT(.fini_array.*))
 *(.fini_array*)
 .fini_array    0x0800b1fc        0x4 c:/ac6/systemworkbench/plugins/fr.ac6.mcu.externaltools.arm-none.win32_1.15.0.201708311556/tools/compiler/bin/../lib/gcc/arm-none-eabi/6.3.1/thumb/v7e-m/fpv4-sp/hard/crtbegin.o
                [!provide]                PROVIDE (__fini_array_end, .)
                0x0800b200                _sidata = LOADADDR (.data)

.data           0x20000000       0x74 load address 0x0800b200
                0x20000000                . = ALIGN (0x4)
                0x20000000                _sdata = .
 *(.data)
 .data          0x20000000        0x4 Drivers/CMSIS/system_stm32f4xx.o
                0x20000000                SystemCoreClock
 .data          0x20000004        0x8 Drivers/STM32F4xx_HAL_Driver/stm32f4xx_hal.o
                0x20000004                uwTickFreq
                0x20000008                uwTickPrio
 *(.data*)
 .data.__fdlib_version
                0x2000000c        0x1 c:/ac6/systemworkbench/plugins/fr.ac6.mcu.externaltools.arm-none.win32_1.15.0.201708311556/tools/compiler/bin/../lib/gcc/arm-none-eabi/6.3.1/../../../../arm-none-eabi/lib/thumb/v7e-m/fpv4-sp/hard\libm.a(lib_a-s_lib_ver.o)
                0x2000000c                __fdlib_version
 *fill*         0x2000000d        0x3 
 .data._impure_ptr
                0x20000010        0x4 c:/ac6/systemworkbench/plugins/fr.ac6.mcu.externaltools.arm-none.win32_1.15.0.201708311556/tools/compiler/bin/../lib/gcc/arm-none-eabi/6.3.1/../../../../arm-none-eabi/lib/thumb/v7e-m/fpv4-sp/hard\libc_nano.a(lib_a-impure.o)
                0x20000010                _impure_ptr
 .data.impure_data
                0x20000014       0x60 c:/ac6/systemworkbench/plugins/fr.ac6.mcu.externaltools.arm-none.win32_1.15.0.201708311556/tools/compiler/bin/../lib/gcc/arm-none-eabi/6.3.1/../../../../arm-none-eabi/lib/thumb/v7e-m/fpv4-sp/hard\libc_nano.a(lib_a-impure.o)
                0x20000074                . = ALIGN (0x4)
                0x20000074                _edata = .
                0x0800b274                _siccmram = LOADADDR (.ccmram)

.jcr            0x20000074        0x0 load address 0x0800b274
 .jcr           0x20000074        0x0 c:/ac6/systemworkbench/plugins/fr.ac6.mcu.externaltools.arm-none.win32_1.15.0.201708311556/tools/compiler/bin/../lib/gcc/arm-none-eabi/6.3.1/thumb/v7e-m/fpv4-sp/hard/crtbegin.o

.igot.plt       0x20000074        0x0 load address 0x0800b274
 .igot.plt      0x20000074        0x0 c:/ac6/systemworkbench/plugins/fr.ac6.mcu.externaltools.arm-none.win32_1.15.0.201708311556/tools/compiler/bin/../lib/gcc/arm-none-eabi/6.3.1/thumb/v7e-m/fpv4-sp/hard/crtbegin.o

.ccmram         0x10000000        0x0 load address 0x0800b274
                0x10000000                . = ALIGN (0x4)
                0x10000000                _sccmram = .
 *(.ccmram)
 *(.ccmram*)
                0x10000000                . = ALIGN (0x4)
                0x10000000                _eccmram = .
                0x10000000                . = ALIGN (0x4)

.bss            0x20000074       0x88
                0x20000074                _sbss = .
                0x20000074                __bss_start__ = _sbss
 *(.bss)
 .bss           0x20000074       0x1c c:/ac6/systemworkbench/plugins/fr.ac6.mcu.externaltools.arm-none.win32_1.15.0.201708311556/tools/compiler/bin/../lib/gcc/arm-none-eabi/6.3.1/thumb/v7e-m/fpv4-sp/hard/crtbegin.o
 *(.bss*)
 .bss.__malloc_free_list
                0x20000090        0x4 c:/ac6/systemworkbench/plugins/fr.ac6.mcu.externaltools.arm-none.win32_1.15.0.201708311556/tools/compiler/bin/../lib/gcc/arm-none-eabi/6.3.1/../../../../arm-none-eabi/lib/thumb/v7e-m/fpv4-sp/hard\libc_nano.a(lib_a-nano-mallocr.o)
                0x20000090                __malloc_free_list
 .bss.__malloc_sbrk_start
                0x20000094        0x4 c:/ac6/systemworkbench/plugins/fr.ac6.mcu.externaltools.arm-none.win32_1.15.0.201708311556/tools/compiler/bin/../lib/gcc/arm-none-eabi/6.3.1/../../../../arm-none-eabi/lib/thumb/v7e-m/fpv4-sp/hard\libc_nano.a(lib_a-nano-mallocr.o)
                0x20000094                __malloc_sbrk_start
 .bss.heap_end.5239
                0x20000098        0x4 c:/ac6/systemworkbench/plugins/fr.ac6.mcu.externaltools.arm-none.win32_1.15.0.201708311556/tools/compiler/bin/../lib/gcc/arm-none-eabi/6.3.1/../../../../arm-none-eabi/lib/thumb/v7e-m/fpv4-sp/hard\libnosys.a(sbrk.o)
 *(COMMON)
 COMMON         0x2000009c       0x58 Application/User/spi.o
                0x2000009c                hspi1
 COMMON         0x200000f4        0x4 Drivers/STM32F4xx_HAL_Driver/stm32f4xx_hal.o
                0x200000f4                uwTick
 COMMON         0x200000f8        0x4 c:/ac6/systemworkbench/plugins/fr.ac6.mcu.externaltools.arm-none.win32_1.15.0.201708311556/tools/compiler/bin/../lib/gcc/arm-none-eabi/6.3.1/../../../../arm-none-eabi/lib/thumb/v7e-m/fpv4-sp/hard\libc_nano.a(lib_a-reent.o)
                0x200000f8                errno
                0x200000fc                . = ALIGN (0x4)
                0x200000fc                _ebss = .
                0x200000fc                __bss_end__ = _ebss

._user_heap_stack
                0x200000fc      0x604
                0x20000100                . = ALIGN (0x8)
 *fill*         0x200000fc        0x4 
                0x20000100                PROVIDE (end, .)
                [!provide]                PROVIDE (_end, .)
                0x20000300                . = (. + _Min_Heap_Size)
 *fill*         0x20000100      0x200 
                0x20000700                . = (. + _Min_Stack_Size)
 *fill*         0x20000300      0x400 
                0x20000700                . = ALIGN (0x8)

/DISCARD/
 libc.a(*)
 libm.a(*)
 libgcc.a(*)

.ARM.attributes
                0x00000000       0x30
 *(.ARM.attributes)
 .ARM.attributes
                0x00000000       0x22 c:/ac6/systemworkbench/plugins/fr.ac6.mcu.externaltools.arm-none.win32_1.15.0.201708311556/tools/compiler/bin/../lib/gcc/arm-none-eabi/6.3.1/thumb/v7e-m/fpv4-sp/hard/crti.o
 .ARM.attributes
                0x00000022       0x34 c:/ac6/systemworkbench/plugins/fr.ac6.mcu.externaltools.arm-none.win32_1.15.0.201708311556/tools/compiler/bin/../lib/gcc/arm-none-eabi/6.3.1/thumb/v7e-m/fpv4-sp/hard/crtbegin.o
 .ARM.attributes
                0x00000056       0x21 Application/SW4STM32/startup_stm32f407xx.o
 .ARM.attributes
                0x00000077       0x39 Application/User/gpio.o
 .ARM.attributes
                0x000000b0       0x39 Application/User/lighting.o
 .ARM.attributes
                0x000000e9       0x39 Application/User/main.o
 .ARM.attributes
                0x00000122       0x39 Application/User/spi.o
 .ARM.attributes
                0x0000015b       0x39 Application/User/stm32f4xx_hal_msp.o
 .ARM.attributes
                0x00000194       0x39 Application/User/stm32f4xx_it.o
 .ARM.attributes
                0x000001cd       0x39 Application/User/test.o
 .ARM.attributes
                0x00000206       0x39 Application/User/ws2812b.o
 .ARM.attributes
                0x0000023f       0x39 Drivers/CMSIS/system_stm32f4xx.o
 .ARM.attributes
                0x00000278       0x39 Drivers/STM32F4xx_HAL_Driver/stm32f4xx_hal.o
 .ARM.attributes
                0x000002b1       0x39 Drivers/STM32F4xx_HAL_Driver/stm32f4xx_hal_cortex.o
 .ARM.attributes
                0x000002ea       0x39 Drivers/STM32F4xx_HAL_Driver/stm32f4xx_hal_gpio.o
 .ARM.attributes
                0x00000323       0x39 Drivers/STM32F4xx_HAL_Driver/stm32f4xx_hal_rcc.o
 .ARM.attributes
                0x0000035c       0x39 Drivers/STM32F4xx_HAL_Driver/stm32f4xx_hal_spi.o
 .ARM.attributes
                0x00000395       0x34 c:/ac6/systemworkbench/plugins/fr.ac6.mcu.externaltools.arm-none.win32_1.15.0.201708311556/tools/compiler/bin/../lib/gcc/arm-none-eabi/6.3.1/../../../../arm-none-eabi/lib/thumb/v7e-m/fpv4-sp/hard\libm.a(lib_a-wf_pow.o)
 .ARM.attributes
                0x000003c9       0x34 c:/ac6/systemworkbench/plugins/fr.ac6.mcu.externaltools.arm-none.win32_1.15.0.201708311556/tools/compiler/bin/../lib/gcc/arm-none-eabi/6.3.1/../../../../arm-none-eabi/lib/thumb/v7e-m/fpv4-sp/hard\libm.a(lib_a-ef_pow.o)
 .ARM.attributes
                0x000003fd       0x34 c:/ac6/systemworkbench/plugins/fr.ac6.mcu.externaltools.arm-none.win32_1.15.0.201708311556/tools/compiler/bin/../lib/gcc/arm-none-eabi/6.3.1/../../../../arm-none-eabi/lib/thumb/v7e-m/fpv4-sp/hard\libm.a(lib_a-ef_sqrt.o)
 .ARM.attributes
                0x00000431       0x34 c:/ac6/systemworkbench/plugins/fr.ac6.mcu.externaltools.arm-none.win32_1.15.0.201708311556/tools/compiler/bin/../lib/gcc/arm-none-eabi/6.3.1/../../../../arm-none-eabi/lib/thumb/v7e-m/fpv4-sp/hard\libm.a(lib_a-s_lib_ver.o)
 .ARM.attributes
                0x00000465       0x34 c:/ac6/systemworkbench/plugins/fr.ac6.mcu.externaltools.arm-none.win32_1.15.0.201708311556/tools/compiler/bin/../lib/gcc/arm-none-eabi/6.3.1/../../../../arm-none-eabi/lib/thumb/v7e-m/fpv4-sp/hard\libm.a(lib_a-s_matherr.o)
 .ARM.attributes
                0x00000499       0x34 c:/ac6/systemworkbench/plugins/fr.ac6.mcu.externaltools.arm-none.win32_1.15.0.201708311556/tools/compiler/bin/../lib/gcc/arm-none-eabi/6.3.1/../../../../arm-none-eabi/lib/thumb/v7e-m/fpv4-sp/hard\libm.a(lib_a-s_rint.o)
 .ARM.attributes
                0x000004cd       0x34 c:/ac6/systemworkbench/plugins/fr.ac6.mcu.externaltools.arm-none.win32_1.15.0.201708311556/tools/compiler/bin/../lib/gcc/arm-none-eabi/6.3.1/../../../../arm-none-eabi/lib/thumb/v7e-m/fpv4-sp/hard\libm.a(lib_a-sf_fabs.o)
 .ARM.attributes
                0x00000501       0x34 c:/ac6/systemworkbench/plugins/fr.ac6.mcu.externaltools.arm-none.win32_1.15.0.201708311556/tools/compiler/bin/../lib/gcc/arm-none-eabi/6.3.1/../../../../arm-none-eabi/lib/thumb/v7e-m/fpv4-sp/hard\libm.a(lib_a-sf_finite.o)
 .ARM.attributes
                0x00000535       0x34 c:/ac6/systemworkbench/plugins/fr.ac6.mcu.externaltools.arm-none.win32_1.15.0.201708311556/tools/compiler/bin/../lib/gcc/arm-none-eabi/6.3.1/../../../../arm-none-eabi/lib/thumb/v7e-m/fpv4-sp/hard\libm.a(lib_a-sf_nan.o)
 .ARM.attributes
                0x00000569       0x34 c:/ac6/systemworkbench/plugins/fr.ac6.mcu.externaltools.arm-none.win32_1.15.0.201708311556/tools/compiler/bin/../lib/gcc/arm-none-eabi/6.3.1/../../../../arm-none-eabi/lib/thumb/v7e-m/fpv4-sp/hard\libm.a(lib_a-sf_scalbn.o)
 .ARM.attributes
                0x0000059d       0x34 c:/ac6/systemworkbench/plugins/fr.ac6.mcu.externaltools.arm-none.win32_1.15.0.201708311556/tools/compiler/bin/../lib/gcc/arm-none-eabi/6.3.1/../../../../arm-none-eabi/lib/thumb/v7e-m/fpv4-sp/hard\libm.a(lib_a-sf_copysign.o)
 .ARM.attributes
                0x000005d1       0x22 c:/ac6/systemworkbench/plugins/fr.ac6.mcu.externaltools.arm-none.win32_1.15.0.201708311556/tools/compiler/bin/../lib/gcc/arm-none-eabi/6.3.1/thumb/v7e-m/fpv4-sp/hard\libgcc.a(_arm_addsubdf3.o)
 .ARM.attributes
                0x000005f3       0x22 c:/ac6/systemworkbench/plugins/fr.ac6.mcu.externaltools.arm-none.win32_1.15.0.201708311556/tools/compiler/bin/../lib/gcc/arm-none-eabi/6.3.1/thumb/v7e-m/fpv4-sp/hard\libgcc.a(_arm_muldivdf3.o)
 .ARM.attributes
                0x00000615       0x22 c:/ac6/systemworkbench/plugins/fr.ac6.mcu.externaltools.arm-none.win32_1.15.0.201708311556/tools/compiler/bin/../lib/gcc/arm-none-eabi/6.3.1/thumb/v7e-m/fpv4-sp/hard\libgcc.a(_arm_cmpdf2.o)
 .ARM.attributes
                0x00000637       0x22 c:/ac6/systemworkbench/plugins/fr.ac6.mcu.externaltools.arm-none.win32_1.15.0.201708311556/tools/compiler/bin/../lib/gcc/arm-none-eabi/6.3.1/thumb/v7e-m/fpv4-sp/hard\libgcc.a(_arm_fixdfsi.o)
 .ARM.attributes
                0x00000659       0x22 c:/ac6/systemworkbench/plugins/fr.ac6.mcu.externaltools.arm-none.win32_1.15.0.201708311556/tools/compiler/bin/../lib/gcc/arm-none-eabi/6.3.1/thumb/v7e-m/fpv4-sp/hard\libgcc.a(_arm_fixunsdfsi.o)
 .ARM.attributes
                0x0000067b       0x22 c:/ac6/systemworkbench/plugins/fr.ac6.mcu.externaltools.arm-none.win32_1.15.0.201708311556/tools/compiler/bin/../lib/gcc/arm-none-eabi/6.3.1/thumb/v7e-m/fpv4-sp/hard\libgcc.a(_arm_truncdfsf2.o)
 .ARM.attributes
                0x0000069d       0x22 c:/ac6/systemworkbench/plugins/fr.ac6.mcu.externaltools.arm-none.win32_1.15.0.201708311556/tools/compiler/bin/../lib/gcc/arm-none-eabi/6.3.1/thumb/v7e-m/fpv4-sp/hard\libgcc.a(_aeabi_uldivmod.o)
 .ARM.attributes
                0x000006bf       0x34 c:/ac6/systemworkbench/plugins/fr.ac6.mcu.externaltools.arm-none.win32_1.15.0.201708311556/tools/compiler/bin/../lib/gcc/arm-none-eabi/6.3.1/thumb/v7e-m/fpv4-sp/hard\libgcc.a(_udivmoddi4.o)
 .ARM.attributes
                0x000006f3       0x22 c:/ac6/systemworkbench/plugins/fr.ac6.mcu.externaltools.arm-none.win32_1.15.0.201708311556/tools/compiler/bin/../lib/gcc/arm-none-eabi/6.3.1/thumb/v7e-m/fpv4-sp/hard\libgcc.a(_dvmd_tls.o)
 .ARM.attributes
                0x00000715       0x34 c:/ac6/systemworkbench/plugins/fr.ac6.mcu.externaltools.arm-none.win32_1.15.0.201708311556/tools/compiler/bin/../lib/gcc/arm-none-eabi/6.3.1/../../../../arm-none-eabi/lib/thumb/v7e-m/fpv4-sp/hard\libc_nano.a(lib_a-calloc.o)
 .ARM.attributes
                0x00000749       0x34 c:/ac6/systemworkbench/plugins/fr.ac6.mcu.externaltools.arm-none.win32_1.15.0.201708311556/tools/compiler/bin/../lib/gcc/arm-none-eabi/6.3.1/../../../../arm-none-eabi/lib/thumb/v7e-m/fpv4-sp/hard\libc_nano.a(lib_a-errno.o)
 .ARM.attributes
                0x0000077d       0x34 c:/ac6/systemworkbench/plugins/fr.ac6.mcu.externaltools.arm-none.win32_1.15.0.201708311556/tools/compiler/bin/../lib/gcc/arm-none-eabi/6.3.1/../../../../arm-none-eabi/lib/thumb/v7e-m/fpv4-sp/hard\libc_nano.a(lib_a-impure.o)
 .ARM.attributes
                0x000007b1       0x34 c:/ac6/systemworkbench/plugins/fr.ac6.mcu.externaltools.arm-none.win32_1.15.0.201708311556/tools/compiler/bin/../lib/gcc/arm-none-eabi/6.3.1/../../../../arm-none-eabi/lib/thumb/v7e-m/fpv4-sp/hard\libc_nano.a(lib_a-init.o)
 .ARM.attributes
                0x000007e5       0x34 c:/ac6/systemworkbench/plugins/fr.ac6.mcu.externaltools.arm-none.win32_1.15.0.201708311556/tools/compiler/bin/../lib/gcc/arm-none-eabi/6.3.1/../../../../arm-none-eabi/lib/thumb/v7e-m/fpv4-sp/hard\libc_nano.a(lib_a-memset.o)
 .ARM.attributes
                0x00000819       0x34 c:/ac6/systemworkbench/plugins/fr.ac6.mcu.externaltools.arm-none.win32_1.15.0.201708311556/tools/compiler/bin/../lib/gcc/arm-none-eabi/6.3.1/../../../../arm-none-eabi/lib/thumb/v7e-m/fpv4-sp/hard\libc_nano.a(lib_a-nano-callocr.o)
 .ARM.attributes
                0x0000084d       0x34 c:/ac6/systemworkbench/plugins/fr.ac6.mcu.externaltools.arm-none.win32_1.15.0.201708311556/tools/compiler/bin/../lib/gcc/arm-none-eabi/6.3.1/../../../../arm-none-eabi/lib/thumb/v7e-m/fpv4-sp/hard\libc_nano.a(lib_a-nano-mallocr.o)
 .ARM.attributes
                0x00000881       0x34 c:/ac6/systemworkbench/plugins/fr.ac6.mcu.externaltools.arm-none.win32_1.15.0.201708311556/tools/compiler/bin/../lib/gcc/arm-none-eabi/6.3.1/../../../../arm-none-eabi/lib/thumb/v7e-m/fpv4-sp/hard\libc_nano.a(lib_a-rand.o)
 .ARM.attributes
                0x000008b5       0x34 c:/ac6/systemworkbench/plugins/fr.ac6.mcu.externaltools.arm-none.win32_1.15.0.201708311556/tools/compiler/bin/../lib/gcc/arm-none-eabi/6.3.1/../../../../arm-none-eabi/lib/thumb/v7e-m/fpv4-sp/hard\libc_nano.a(lib_a-sbrkr.o)
 .ARM.attributes
                0x000008e9       0x34 c:/ac6/systemworkbench/plugins/fr.ac6.mcu.externaltools.arm-none.win32_1.15.0.201708311556/tools/compiler/bin/../lib/gcc/arm-none-eabi/6.3.1/../../../../arm-none-eabi/lib/thumb/v7e-m/fpv4-sp/hard\libc_nano.a(lib_a-malloc.o)
 .ARM.attributes
                0x0000091d       0x34 c:/ac6/systemworkbench/plugins/fr.ac6.mcu.externaltools.arm-none.win32_1.15.0.201708311556/tools/compiler/bin/../lib/gcc/arm-none-eabi/6.3.1/../../../../arm-none-eabi/lib/thumb/v7e-m/fpv4-sp/hard\libc_nano.a(lib_a-mlock.o)
 .ARM.attributes
                0x00000951       0x34 c:/ac6/systemworkbench/plugins/fr.ac6.mcu.externaltools.arm-none.win32_1.15.0.201708311556/tools/compiler/bin/../lib/gcc/arm-none-eabi/6.3.1/../../../../arm-none-eabi/lib/thumb/v7e-m/fpv4-sp/hard\libc_nano.a(lib_a-reent.o)
 .ARM.attributes
                0x00000985       0x34 c:/ac6/systemworkbench/plugins/fr.ac6.mcu.externaltools.arm-none.win32_1.15.0.201708311556/tools/compiler/bin/../lib/gcc/arm-none-eabi/6.3.1/../../../../arm-none-eabi/lib/thumb/v7e-m/fpv4-sp/hard\libnosys.a(sbrk.o)
 .ARM.attributes
                0x000009b9       0x22 c:/ac6/systemworkbench/plugins/fr.ac6.mcu.externaltools.arm-none.win32_1.15.0.201708311556/tools/compiler/bin/../lib/gcc/arm-none-eabi/6.3.1/thumb/v7e-m/fpv4-sp/hard/crtn.o
OUTPUT(matrix_led_2018.elf elf32-littlearm)

.debug_line     0x00000000     0x9336
 .debug_line    0x00000000       0xb1 Application/SW4STM32/startup_stm32f407xx.o
 .debug_line    0x000000b1      0x792 Application/User/gpio.o
 .debug_line    0x00000843      0x909 Application/User/lighting.o
 .debug_line    0x0000114c      0x7e4 Application/User/main.o
 .debug_line    0x00001930      0x7cf Application/User/spi.o
 .debug_line    0x000020ff      0x799 Application/User/stm32f4xx_hal_msp.o
 .debug_line    0x00002898      0x803 Application/User/stm32f4xx_it.o
 .debug_line    0x0000309b     0x1a58 Application/User/test.o
 .debug_line    0x00004af3      0x823 Application/User/ws2812b.o
 .debug_line    0x00005316      0x7dd Drivers/CMSIS/system_stm32f4xx.o
 .debug_line    0x00005af3      0x98d Drivers/STM32F4xx_HAL_Driver/stm32f4xx_hal.o
 .debug_line    0x00006480      0x9c9 Drivers/STM32F4xx_HAL_Driver/stm32f4xx_hal_cortex.o
 .debug_line    0x00006e49      0x93d Drivers/STM32F4xx_HAL_Driver/stm32f4xx_hal_gpio.o
 .debug_line    0x00007786      0xa17 Drivers/STM32F4xx_HAL_Driver/stm32f4xx_hal_rcc.o
 .debug_line    0x0000819d     0x1199 Drivers/STM32F4xx_HAL_Driver/stm32f4xx_hal_spi.o

.debug_info     0x00000000    0x1cf0e
 .debug_info    0x00000000       0xca Application/SW4STM32/startup_stm32f407xx.o
 .debug_info    0x000000ca      0xb55 Application/User/gpio.o
 .debug_info    0x00000c1f     0x132e Application/User/lighting.o
 .debug_info    0x00001f4d     0x1680 Application/User/main.o
 .debug_info    0x000035cd     0x11b3 Application/User/spi.o
 .debug_info    0x00004780      0xc39 Application/User/stm32f4xx_hal_msp.o
 .debug_info    0x000053b9      0x9e8 Application/User/stm32f4xx_it.o
 .debug_info    0x00005da1     0xe683 Application/User/test.o
 .debug_info    0x00014424     0x1084 Application/User/ws2812b.o
 .debug_info    0x000154a8      0xd30 Drivers/CMSIS/system_stm32f4xx.o
 .debug_info    0x000161d8     0x11dc Drivers/STM32F4xx_HAL_Driver/stm32f4xx_hal.o
 .debug_info    0x000173b4     0x175a Drivers/STM32F4xx_HAL_Driver/stm32f4xx_hal_cortex.o
 .debug_info    0x00018b0e      0xf97 Drivers/STM32F4xx_HAL_Driver/stm32f4xx_hal_gpio.o
 .debug_info    0x00019aa5     0x125f Drivers/STM32F4xx_HAL_Driver/stm32f4xx_hal_rcc.o
 .debug_info    0x0001ad04     0x220a Drivers/STM32F4xx_HAL_Driver/stm32f4xx_hal_spi.o

.debug_abbrev   0x00000000     0x2545
 .debug_abbrev  0x00000000       0x12 Application/SW4STM32/startup_stm32f407xx.o
 .debug_abbrev  0x00000012      0x1e3 Application/User/gpio.o
 .debug_abbrev  0x000001f5      0x2f5 Application/User/lighting.o
 .debug_abbrev  0x000004ea      0x27e Application/User/main.o
 .debug_abbrev  0x00000768      0x249 Application/User/spi.o
 .debug_abbrev  0x000009b1      0x209 Application/User/stm32f4xx_hal_msp.o
 .debug_abbrev  0x00000bba      0x1f8 Application/User/stm32f4xx_it.o
 .debug_abbrev  0x00000db2      0x33a Application/User/test.o
 .debug_abbrev  0x000010ec      0x2d7 Application/User/ws2812b.o
 .debug_abbrev  0x000013c3      0x205 Drivers/CMSIS/system_stm32f4xx.o
 .debug_abbrev  0x000015c8      0x2e3 Drivers/STM32F4xx_HAL_Driver/stm32f4xx_hal.o
 .debug_abbrev  0x000018ab      0x3d4 Drivers/STM32F4xx_HAL_Driver/stm32f4xx_hal_cortex.o
 .debug_abbrev  0x00001c7f      0x2a5 Drivers/STM32F4xx_HAL_Driver/stm32f4xx_hal_gpio.o
 .debug_abbrev  0x00001f24      0x331 Drivers/STM32F4xx_HAL_Driver/stm32f4xx_hal_rcc.o
 .debug_abbrev  0x00002255      0x2f0 Drivers/STM32F4xx_HAL_Driver/stm32f4xx_hal_spi.o

.debug_aranges  0x00000000      0x650
 .debug_aranges
                0x00000000       0x28 Application/SW4STM32/startup_stm32f407xx.o
 .debug_aranges
                0x00000028       0x20 Application/User/gpio.o
 .debug_aranges
                0x00000048       0x58 Application/User/lighting.o
 .debug_aranges
                0x000000a0       0x28 Application/User/main.o
 .debug_aranges
                0x000000c8       0x30 Application/User/spi.o
 .debug_aranges
                0x000000f8       0x20 Application/User/stm32f4xx_hal_msp.o
 .debug_aranges
                0x00000118       0x50 Application/User/stm32f4xx_it.o
 .debug_aranges
                0x00000168       0x60 Application/User/test.o
 .debug_aranges
                0x000001c8       0x30 Application/User/ws2812b.o
 .debug_aranges
                0x000001f8       0x28 Drivers/CMSIS/system_stm32f4xx.o
 .debug_aranges
                0x00000220       0xe0 Drivers/STM32F4xx_HAL_Driver/stm32f4xx_hal.o
 .debug_aranges
                0x00000300       0xa8 Drivers/STM32F4xx_HAL_Driver/stm32f4xx_hal_cortex.o
 .debug_aranges
                0x000003a8       0x58 Drivers/STM32F4xx_HAL_Driver/stm32f4xx_hal_gpio.o
 .debug_aranges
                0x00000400       0x88 Drivers/STM32F4xx_HAL_Driver/stm32f4xx_hal_rcc.o
 .debug_aranges
                0x00000488      0x1c8 Drivers/STM32F4xx_HAL_Driver/stm32f4xx_hal_spi.o

.debug_ranges   0x00000000      0x640
 .debug_ranges  0x00000000       0x20 Application/SW4STM32/startup_stm32f407xx.o
 .debug_ranges  0x00000020       0x10 Application/User/gpio.o
 .debug_ranges  0x00000030       0x48 Application/User/lighting.o
 .debug_ranges  0x00000078       0x18 Application/User/main.o
 .debug_ranges  0x00000090       0x20 Application/User/spi.o
 .debug_ranges  0x000000b0       0x10 Application/User/stm32f4xx_hal_msp.o
 .debug_ranges  0x000000c0       0x40 Application/User/stm32f4xx_it.o
 .debug_ranges  0x00000100       0xb0 Application/User/test.o
 .debug_ranges  0x000001b0       0x20 Application/User/ws2812b.o
 .debug_ranges  0x000001d0       0x18 Drivers/CMSIS/system_stm32f4xx.o
 .debug_ranges  0x000001e8       0xd0 Drivers/STM32F4xx_HAL_Driver/stm32f4xx_hal.o
 .debug_ranges  0x000002b8       0xf8 Drivers/STM32F4xx_HAL_Driver/stm32f4xx_hal_cortex.o
 .debug_ranges  0x000003b0       0x48 Drivers/STM32F4xx_HAL_Driver/stm32f4xx_hal_gpio.o
 .debug_ranges  0x000003f8       0x90 Drivers/STM32F4xx_HAL_Driver/stm32f4xx_hal_rcc.o
 .debug_ranges  0x00000488      0x1b8 Drivers/STM32F4xx_HAL_Driver/stm32f4xx_hal_spi.o

.debug_macro    0x00000000    0x21068
 .debug_macro   0x00000000      0x314 Application/User/gpio.o
 .debug_macro   0x00000314      0x8bc Application/User/gpio.o
 .debug_macro   0x00000bd0       0x10 Application/User/gpio.o
 .debug_macro   0x00000be0      0x180 Application/User/gpio.o
 .debug_macro   0x00000d60       0x32 Application/User/gpio.o
 .debug_macro   0x00000d92       0x2f Application/User/gpio.o
 .debug_macro   0x00000dc1       0x22 Application/User/gpio.o
 .debug_macro   0x00000de3       0x87 Application/User/gpio.o
 .debug_macro   0x00000e6a       0x51 Application/User/gpio.o
 .debug_macro   0x00000ebb       0xef Application/User/gpio.o
 .debug_macro   0x00000faa       0x6a Application/User/gpio.o
 .debug_macro   0x00001014      0x1df Application/User/gpio.o
 .debug_macro   0x000011f3       0x35 Application/User/gpio.o
 .debug_macro   0x00001228       0x50 Application/User/gpio.o
 .debug_macro   0x00001278      0xe66 Application/User/gpio.o
 .debug_macro   0x000020de    0x15d08 Application/User/gpio.o
 .debug_macro   0x00017de6       0x43 Application/User/gpio.o
 .debug_macro   0x00017e29     0x3535 Application/User/gpio.o
 .debug_macro   0x0001b35e       0x58 Application/User/gpio.o
 .debug_macro   0x0001b3b6       0x35 Application/User/gpio.o
 .debug_macro   0x0001b3eb       0x9c Application/User/gpio.o
 .debug_macro   0x0001b487       0x16 Application/User/gpio.o
 .debug_macro   0x0001b49d       0x97 Application/User/gpio.o
 .debug_macro   0x0001b534      0x330 Application/User/gpio.o
 .debug_macro   0x0001b864       0xfd Application/User/gpio.o
 .debug_macro   0x0001b961       0x10 Application/User/gpio.o
 .debug_macro   0x0001b971       0x58 Application/User/gpio.o
 .debug_macro   0x0001b9c9       0x1f Application/User/gpio.o
 .debug_macro   0x0001b9e8       0x43 Application/User/gpio.o
 .debug_macro   0x0001ba2b       0x20 Application/User/gpio.o
 .debug_macro   0x0001ba4b      0x187 Application/User/gpio.o
 .debug_macro   0x0001bbd2       0x10 Application/User/gpio.o
 .debug_macro   0x0001bbe2       0x1c Application/User/gpio.o
 .debug_macro   0x0001bbfe       0x52 Application/User/gpio.o
 .debug_macro   0x0001bc50       0x40 Application/User/gpio.o
 .debug_macro   0x0001bc90       0x10 Application/User/gpio.o
 .debug_macro   0x0001bca0       0x40 Application/User/gpio.o
 .debug_macro   0x0001bce0       0xd7 Application/User/gpio.o
 .debug_macro   0x0001bdb7       0x16 Application/User/gpio.o
 .debug_macro   0x0001bdcd      0x18b Application/User/gpio.o
 .debug_macro   0x0001bf58       0x50 Application/User/gpio.o
 .debug_macro   0x0001bfa8      0x96b Application/User/gpio.o
 .debug_macro   0x0001c913      0xa02 Application/User/gpio.o
 .debug_macro   0x0001d315      0x11e Application/User/gpio.o
 .debug_macro   0x0001d433      0x13e Application/User/gpio.o
 .debug_macro   0x0001d571       0x27 Application/User/gpio.o
 .debug_macro   0x0001d598      0x287 Application/User/gpio.o
 .debug_macro   0x0001d81f       0x5f Application/User/gpio.o
 .debug_macro   0x0001d87e      0x23a Application/User/gpio.o
 .debug_macro   0x0001dab8      0x133 Application/User/gpio.o
 .debug_macro   0x0001dbeb      0x21e Application/User/gpio.o
 .debug_macro   0x0001de09       0x2e Application/User/gpio.o
 .debug_macro   0x0001de37      0x11e Application/User/gpio.o
 .debug_macro   0x0001df55       0x7f Application/User/gpio.o
 .debug_macro   0x0001dfd4       0x89 Application/User/gpio.o
 .debug_macro   0x0001e05d      0x202 Application/User/gpio.o
 .debug_macro   0x0001e25f      0x287 Application/User/gpio.o
 .debug_macro   0x0001e4e6      0x134 Application/User/gpio.o
 .debug_macro   0x0001e61a      0x328 Application/User/lighting.o
 .debug_macro   0x0001e942      0x33c Application/User/main.o
 .debug_macro   0x0001ec7e      0x31e Application/User/spi.o
 .debug_macro   0x0001ef9c      0x30a Application/User/stm32f4xx_hal_msp.o
 .debug_macro   0x0001f2a6      0x314 Application/User/stm32f4xx_it.o
 .debug_macro   0x0001f5ba      0x395 Application/User/test.o
 .debug_macro   0x0001f94f       0x16 Application/User/test.o
 .debug_macro   0x0001f965       0x35 Application/User/test.o
 .debug_macro   0x0001f99a       0x16 Application/User/test.o
 .debug_macro   0x0001f9b0       0x29 Application/User/test.o
 .debug_macro   0x0001f9d9       0x16 Application/User/test.o
 .debug_macro   0x0001f9ef       0x10 Application/User/test.o
 .debug_macro   0x0001f9ff       0x10 Application/User/test.o
 .debug_macro   0x0001fa0f       0x35 Application/User/test.o
 .debug_macro   0x0001fa44      0x31e Application/User/ws2812b.o
 .debug_macro   0x0001fd62      0x310 Drivers/CMSIS/system_stm32f4xx.o
 .debug_macro   0x00020072      0x36a Drivers/STM32F4xx_HAL_Driver/stm32f4xx_hal.o
 .debug_macro   0x000203dc      0x30a Drivers/STM32F4xx_HAL_Driver/stm32f4xx_hal_cortex.o
 .debug_macro   0x000206e6      0x342 Drivers/STM32F4xx_HAL_Driver/stm32f4xx_hal_gpio.o
 .debug_macro   0x00020a28      0x32e Drivers/STM32F4xx_HAL_Driver/stm32f4xx_hal_rcc.o
 .debug_macro   0x00020d56      0x312 Drivers/STM32F4xx_HAL_Driver/stm32f4xx_hal_spi.o

.debug_str      0x00000000    0xbd895
 .debug_str     0x00000000    0xbb1f0 Application/User/gpio.o
                              0xbb4ce (size before relaxing)
 .debug_str     0x000bb1f0      0x5de Application/User/lighting.o
                              0xbb9de (size before relaxing)
 .debug_str     0x000bb7ce      0x7df Application/User/main.o
                              0xbc122 (size before relaxing)
 .debug_str     0x000bbfad       0xe1 Application/User/spi.o
                              0xbb9be (size before relaxing)
 .debug_str     0x000bc08e       0x51 Application/User/stm32f4xx_hal_msp.o
                              0xbb8ed (size before relaxing)
 .debug_str     0x000bc0df       0xcd Application/User/stm32f4xx_it.o
                              0xbb466 (size before relaxing)
 .debug_str     0x000bc1ac      0x295 Application/User/test.o
                              0xbbbdb (size before relaxing)
 .debug_str     0x000bc441       0x66 Application/User/ws2812b.o
                              0xbb8d7 (size before relaxing)
 .debug_str     0x000bc4a7       0xe3 Drivers/CMSIS/system_stm32f4xx.o
                              0xbb578 (size before relaxing)
 .debug_str     0x000bc58a      0x610 Drivers/STM32F4xx_HAL_Driver/stm32f4xx_hal.o
                              0xbc0e7 (size before relaxing)
 .debug_str     0x000bcb9a      0x367 Drivers/STM32F4xx_HAL_Driver/stm32f4xx_hal_cortex.o
                              0xbbe29 (size before relaxing)
 .debug_str     0x000bcf01      0x22e Drivers/STM32F4xx_HAL_Driver/stm32f4xx_hal_gpio.o
                              0xbb7bc (size before relaxing)
 .debug_str     0x000bd12f      0x238 Drivers/STM32F4xx_HAL_Driver/stm32f4xx_hal_rcc.o
                              0xbb986 (size before relaxing)
 .debug_str     0x000bd367      0x52e Drivers/STM32F4xx_HAL_Driver/stm32f4xx_hal_spi.o
                              0xbbda2 (size before relaxing)

.comment        0x00000000       0x7f
 .comment       0x00000000       0x7f Application/User/gpio.o
                                 0x80 (size before relaxing)
 .comment       0x0000007f       0x80 Application/User/lighting.o
 .comment       0x0000007f       0x80 Application/User/main.o
 .comment       0x0000007f       0x80 Application/User/spi.o
 .comment       0x0000007f       0x80 Application/User/stm32f4xx_hal_msp.o
 .comment       0x0000007f       0x80 Application/User/stm32f4xx_it.o
 .comment       0x0000007f       0x80 Application/User/test.o
 .comment       0x0000007f       0x80 Application/User/ws2812b.o
 .comment       0x0000007f       0x80 Drivers/CMSIS/system_stm32f4xx.o
 .comment       0x0000007f       0x80 Drivers/STM32F4xx_HAL_Driver/stm32f4xx_hal.o
 .comment       0x0000007f       0x80 Drivers/STM32F4xx_HAL_Driver/stm32f4xx_hal_cortex.o
 .comment       0x0000007f       0x80 Drivers/STM32F4xx_HAL_Driver/stm32f4xx_hal_gpio.o
 .comment       0x0000007f       0x80 Drivers/STM32F4xx_HAL_Driver/stm32f4xx_hal_rcc.o
 .comment       0x0000007f       0x80 Drivers/STM32F4xx_HAL_Driver/stm32f4xx_hal_spi.o

.debug_frame    0x00000000     0x1668
 .debug_frame   0x00000000       0x28 Application/User/gpio.o
 .debug_frame   0x00000028      0x194 Application/User/lighting.o
 .debug_frame   0x000001bc       0x4c Application/User/main.o
 .debug_frame   0x00000208       0x5c Application/User/spi.o
 .debug_frame   0x00000264       0x28 Application/User/stm32f4xx_hal_msp.o
 .debug_frame   0x0000028c       0x88 Application/User/stm32f4xx_it.o
 .debug_frame   0x00000314      0x104 Application/User/test.o
 .debug_frame   0x00000418       0x74 Application/User/ws2812b.o
 .debug_frame   0x0000048c       0x30 Drivers/CMSIS/system_stm32f4xx.o
 .debug_frame   0x000004bc      0x1cc Drivers/STM32F4xx_HAL_Driver/stm32f4xx_hal.o
 .debug_frame   0x00000688      0x15c Drivers/STM32F4xx_HAL_Driver/stm32f4xx_hal_cortex.o
 .debug_frame   0x000007e4       0xd0 Drivers/STM32F4xx_HAL_Driver/stm32f4xx_hal_gpio.o
 .debug_frame   0x000008b4      0x174 Drivers/STM32F4xx_HAL_Driver/stm32f4xx_hal_rcc.o
 .debug_frame   0x00000a28      0x560 Drivers/STM32F4xx_HAL_Driver/stm32f4xx_hal_spi.o
 .debug_frame   0x00000f88       0x64 c:/ac6/systemworkbench/plugins/fr.ac6.mcu.externaltools.arm-none.win32_1.15.0.201708311556/tools/compiler/bin/../lib/gcc/arm-none-eabi/6.3.1/../../../../arm-none-eabi/lib/thumb/v7e-m/fpv4-sp/hard\libm.a(lib_a-wf_pow.o)
 .debug_frame   0x00000fec       0x80 c:/ac6/systemworkbench/plugins/fr.ac6.mcu.externaltools.arm-none.win32_1.15.0.201708311556/tools/compiler/bin/../lib/gcc/arm-none-eabi/6.3.1/../../../../arm-none-eabi/lib/thumb/v7e-m/fpv4-sp/hard\libm.a(lib_a-ef_pow.o)
 .debug_frame   0x0000106c       0x20 c:/ac6/systemworkbench/plugins/fr.ac6.mcu.externaltools.arm-none.win32_1.15.0.201708311556/tools/compiler/bin/../lib/gcc/arm-none-eabi/6.3.1/../../../../arm-none-eabi/lib/thumb/v7e-m/fpv4-sp/hard\libm.a(lib_a-ef_sqrt.o)
 .debug_frame   0x0000108c       0x20 c:/ac6/systemworkbench/plugins/fr.ac6.mcu.externaltools.arm-none.win32_1.15.0.201708311556/tools/compiler/bin/../lib/gcc/arm-none-eabi/6.3.1/../../../../arm-none-eabi/lib/thumb/v7e-m/fpv4-sp/hard\libm.a(lib_a-s_matherr.o)
 .debug_frame   0x000010ac       0x3c c:/ac6/systemworkbench/plugins/fr.ac6.mcu.externaltools.arm-none.win32_1.15.0.201708311556/tools/compiler/bin/../lib/gcc/arm-none-eabi/6.3.1/../../../../arm-none-eabi/lib/thumb/v7e-m/fpv4-sp/hard\libm.a(lib_a-s_rint.o)
 .debug_frame   0x000010e8       0x20 c:/ac6/systemworkbench/plugins/fr.ac6.mcu.externaltools.arm-none.win32_1.15.0.201708311556/tools/compiler/bin/../lib/gcc/arm-none-eabi/6.3.1/../../../../arm-none-eabi/lib/thumb/v7e-m/fpv4-sp/hard\libm.a(lib_a-sf_fabs.o)
 .debug_frame   0x00001108       0x20 c:/ac6/systemworkbench/plugins/fr.ac6.mcu.externaltools.arm-none.win32_1.15.0.201708311556/tools/compiler/bin/../lib/gcc/arm-none-eabi/6.3.1/../../../../arm-none-eabi/lib/thumb/v7e-m/fpv4-sp/hard\libm.a(lib_a-sf_finite.o)
 .debug_frame   0x00001128       0x20 c:/ac6/systemworkbench/plugins/fr.ac6.mcu.externaltools.arm-none.win32_1.15.0.201708311556/tools/compiler/bin/../lib/gcc/arm-none-eabi/6.3.1/../../../../arm-none-eabi/lib/thumb/v7e-m/fpv4-sp/hard\libm.a(lib_a-sf_nan.o)
 .debug_frame   0x00001148       0x44 c:/ac6/systemworkbench/plugins/fr.ac6.mcu.externaltools.arm-none.win32_1.15.0.201708311556/tools/compiler/bin/../lib/gcc/arm-none-eabi/6.3.1/../../../../arm-none-eabi/lib/thumb/v7e-m/fpv4-sp/hard\libm.a(lib_a-sf_scalbn.o)
 .debug_frame   0x0000118c       0x20 c:/ac6/systemworkbench/plugins/fr.ac6.mcu.externaltools.arm-none.win32_1.15.0.201708311556/tools/compiler/bin/../lib/gcc/arm-none-eabi/6.3.1/../../../../arm-none-eabi/lib/thumb/v7e-m/fpv4-sp/hard\libm.a(lib_a-sf_copysign.o)
 .debug_frame   0x000011ac       0xac c:/ac6/systemworkbench/plugins/fr.ac6.mcu.externaltools.arm-none.win32_1.15.0.201708311556/tools/compiler/bin/../lib/gcc/arm-none-eabi/6.3.1/thumb/v7e-m/fpv4-sp/hard\libgcc.a(_arm_addsubdf3.o)
 .debug_frame   0x00001258       0x50 c:/ac6/systemworkbench/plugins/fr.ac6.mcu.externaltools.arm-none.win32_1.15.0.201708311556/tools/compiler/bin/../lib/gcc/arm-none-eabi/6.3.1/thumb/v7e-m/fpv4-sp/hard\libgcc.a(_arm_muldivdf3.o)
 .debug_frame   0x000012a8       0xc4 c:/ac6/systemworkbench/plugins/fr.ac6.mcu.externaltools.arm-none.win32_1.15.0.201708311556/tools/compiler/bin/../lib/gcc/arm-none-eabi/6.3.1/thumb/v7e-m/fpv4-sp/hard\libgcc.a(_arm_cmpdf2.o)
 .debug_frame   0x0000136c       0x24 c:/ac6/systemworkbench/plugins/fr.ac6.mcu.externaltools.arm-none.win32_1.15.0.201708311556/tools/compiler/bin/../lib/gcc/arm-none-eabi/6.3.1/thumb/v7e-m/fpv4-sp/hard\libgcc.a(_arm_fixdfsi.o)
 .debug_frame   0x00001390       0x24 c:/ac6/systemworkbench/plugins/fr.ac6.mcu.externaltools.arm-none.win32_1.15.0.201708311556/tools/compiler/bin/../lib/gcc/arm-none-eabi/6.3.1/thumb/v7e-m/fpv4-sp/hard\libgcc.a(_arm_fixunsdfsi.o)
 .debug_frame   0x000013b4       0x24 c:/ac6/systemworkbench/plugins/fr.ac6.mcu.externaltools.arm-none.win32_1.15.0.201708311556/tools/compiler/bin/../lib/gcc/arm-none-eabi/6.3.1/thumb/v7e-m/fpv4-sp/hard\libgcc.a(_arm_truncdfsf2.o)
 .debug_frame   0x000013d8       0x2c c:/ac6/systemworkbench/plugins/fr.ac6.mcu.externaltools.arm-none.win32_1.15.0.201708311556/tools/compiler/bin/../lib/gcc/arm-none-eabi/6.3.1/thumb/v7e-m/fpv4-sp/hard\libgcc.a(_aeabi_uldivmod.o)
 .debug_frame   0x00001404       0x34 c:/ac6/systemworkbench/plugins/fr.ac6.mcu.externaltools.arm-none.win32_1.15.0.201708311556/tools/compiler/bin/../lib/gcc/arm-none-eabi/6.3.1/thumb/v7e-m/fpv4-sp/hard\libgcc.a(_udivmoddi4.o)
 .debug_frame   0x00001438       0x20 c:/ac6/systemworkbench/plugins/fr.ac6.mcu.externaltools.arm-none.win32_1.15.0.201708311556/tools/compiler/bin/../lib/gcc/arm-none-eabi/6.3.1/../../../../arm-none-eabi/lib/thumb/v7e-m/fpv4-sp/hard\libc_nano.a(lib_a-calloc.o)
 .debug_frame   0x00001458       0x20 c:/ac6/systemworkbench/plugins/fr.ac6.mcu.externaltools.arm-none.win32_1.15.0.201708311556/tools/compiler/bin/../lib/gcc/arm-none-eabi/6.3.1/../../../../arm-none-eabi/lib/thumb/v7e-m/fpv4-sp/hard\libc_nano.a(lib_a-errno.o)
 .debug_frame   0x00001478       0x2c c:/ac6/systemworkbench/plugins/fr.ac6.mcu.externaltools.arm-none.win32_1.15.0.201708311556/tools/compiler/bin/../lib/gcc/arm-none-eabi/6.3.1/../../../../arm-none-eabi/lib/thumb/v7e-m/fpv4-sp/hard\libc_nano.a(lib_a-init.o)
 .debug_frame   0x000014a4       0x20 c:/ac6/systemworkbench/plugins/fr.ac6.mcu.externaltools.arm-none.win32_1.15.0.201708311556/tools/compiler/bin/../lib/gcc/arm-none-eabi/6.3.1/../../../../arm-none-eabi/lib/thumb/v7e-m/fpv4-sp/hard\libc_nano.a(lib_a-memset.o)
 .debug_frame   0x000014c4       0x2c c:/ac6/systemworkbench/plugins/fr.ac6.mcu.externaltools.arm-none.win32_1.15.0.201708311556/tools/compiler/bin/../lib/gcc/arm-none-eabi/6.3.1/../../../../arm-none-eabi/lib/thumb/v7e-m/fpv4-sp/hard\libc_nano.a(lib_a-nano-callocr.o)
 .debug_frame   0x000014f0       0x2c c:/ac6/systemworkbench/plugins/fr.ac6.mcu.externaltools.arm-none.win32_1.15.0.201708311556/tools/compiler/bin/../lib/gcc/arm-none-eabi/6.3.1/../../../../arm-none-eabi/lib/thumb/v7e-m/fpv4-sp/hard\libc_nano.a(lib_a-nano-mallocr.o)
 .debug_frame   0x0000151c       0x44 c:/ac6/systemworkbench/plugins/fr.ac6.mcu.externaltools.arm-none.win32_1.15.0.201708311556/tools/compiler/bin/../lib/gcc/arm-none-eabi/6.3.1/../../../../arm-none-eabi/lib/thumb/v7e-m/fpv4-sp/hard\libc_nano.a(lib_a-rand.o)
 .debug_frame   0x00001560       0x2c c:/ac6/systemworkbench/plugins/fr.ac6.mcu.externaltools.arm-none.win32_1.15.0.201708311556/tools/compiler/bin/../lib/gcc/arm-none-eabi/6.3.1/../../../../arm-none-eabi/lib/thumb/v7e-m/fpv4-sp/hard\libc_nano.a(lib_a-sbrkr.o)
 .debug_frame   0x0000158c       0x30 c:/ac6/systemworkbench/plugins/fr.ac6.mcu.externaltools.arm-none.win32_1.15.0.201708311556/tools/compiler/bin/../lib/gcc/arm-none-eabi/6.3.1/../../../../arm-none-eabi/lib/thumb/v7e-m/fpv4-sp/hard\libc_nano.a(lib_a-malloc.o)
 .debug_frame   0x000015bc       0x30 c:/ac6/systemworkbench/plugins/fr.ac6.mcu.externaltools.arm-none.win32_1.15.0.201708311556/tools/compiler/bin/../lib/gcc/arm-none-eabi/6.3.1/../../../../arm-none-eabi/lib/thumb/v7e-m/fpv4-sp/hard\libc_nano.a(lib_a-mlock.o)
 .debug_frame   0x000015ec       0x5c c:/ac6/systemworkbench/plugins/fr.ac6.mcu.externaltools.arm-none.win32_1.15.0.201708311556/tools/compiler/bin/../lib/gcc/arm-none-eabi/6.3.1/../../../../arm-none-eabi/lib/thumb/v7e-m/fpv4-sp/hard\libc_nano.a(lib_a-reent.o)
 .debug_frame   0x00001648       0x20 c:/ac6/systemworkbench/plugins/fr.ac6.mcu.externaltools.arm-none.win32_1.15.0.201708311556/tools/compiler/bin/../lib/gcc/arm-none-eabi/6.3.1/../../../../arm-none-eabi/lib/thumb/v7e-m/fpv4-sp/hard\libnosys.a(sbrk.o)

.debug_loc      0x00000000     0x3ea2
 .debug_loc     0x00000000      0x3ac Application/User/lighting.o
 .debug_loc     0x000003ac       0x5b Application/User/spi.o
 .debug_loc     0x00000407      0xf8f Application/User/test.o
 .debug_loc     0x00001396      0x191 Application/User/ws2812b.o
 .debug_loc     0x00001527      0x13e Drivers/CMSIS/system_stm32f4xx.o
 .debug_loc     0x00001665      0x108 Drivers/STM32F4xx_HAL_Driver/stm32f4xx_hal.o
 .debug_loc     0x0000176d      0x5ce Drivers/STM32F4xx_HAL_Driver/stm32f4xx_hal_cortex.o
 .debug_loc     0x00001d3b      0x3fd Drivers/STM32F4xx_HAL_Driver/stm32f4xx_hal_gpio.o
 .debug_loc     0x00002138      0x3e6 Drivers/STM32F4xx_HAL_Driver/stm32f4xx_hal_rcc.o
 .debug_loc     0x0000251e     0x1984 Drivers/STM32F4xx_HAL_Driver/stm32f4xx_hal_spi.o
